#-----------------------------------------------------------
# Vivado v2020.1 (64-bit)
# SW Build 2902540 on Wed May 27 19:54:49 MDT 2020
# IP Build 2902112 on Wed May 27 22:43:36 MDT 2020
# Start of session at: Fri Nov 27 22:22:10 2020
# Process ID: 11132
# Current directory: D:/programming/Xilinx/Vivado/2020.1/my/jpq4
# Command line: vivado.exe -gui_launcher_event rodinguilauncherevent6236 D:\programming\Xilinx\Vivado\2020.1\my\jpq4\jpq4.xpr
# Log file: D:/programming/Xilinx/Vivado/2020.1/my/jpq4/vivado.log
# Journal file: D:/programming/Xilinx/Vivado/2020.1/my/jpq4\vivado.jou
#-----------------------------------------------------------
start_gui
open_project D:/programming/Xilinx/Vivado/2020.1/my/jpq4/jpq4.xpr
open_bd_design {D:/programming/Xilinx/Vivado/2020.1/my/jpq4/jpq4.srcs/sources_1/bd/jpq4/jpq4.bd}
update_compile_order -fileset sources_1
create_bd_cell -type module -reference myD myD_0
update_module_reference jpq4_myD_0_0
update_module_reference {jpq4_myand_0_0 jpq4_myand_0_1 jpq4_myand_0_2 jpq4_myand_0_3}
copy_bd_objs /  [get_bd_cells {myD_0}]
connect_bd_net [get_bd_ports clk_0] [get_bd_pins myD_0/clk]
set_property location {-23 -20} [get_bd_ports clk_0]
connect_bd_net [get_bd_pins myD_0/P] [get_bd_pins myand_1/a]
connect_bd_net [get_bd_pins myD_0/P] [get_bd_pins myand_3/a]
delete_bd_objs [get_bd_nets myD_0_P]
connect_bd_net [get_bd_pins myD_0/Q] [get_bd_pins myand_1/a]
connect_bd_net [get_bd_pins myD_0/Q] [get_bd_pins myand_3/a]
connect_bd_net [get_bd_pins myD_0/P] [get_bd_pins myand_0/a]
connect_bd_net [get_bd_pins myD_0/P] [get_bd_pins myand_2/a]
connect_bd_net [get_bd_pins myD_0/Q] [get_bd_pins myD_1/clk]
connect_bd_net [get_bd_pins myD_1/Q] [get_bd_pins myand_2/b]
connect_bd_net [get_bd_pins myD_1/Q] [get_bd_pins myand_3/b]
connect_bd_net [get_bd_pins myD_1/P] [get_bd_pins myand_0/b]
connect_bd_net [get_bd_pins myD_1/P] [get_bd_pins myand_1/b]
save_bd_design
